V3 6
FL C:/Engineering/FPGA/VHDL/ledBitStream/ledBitStream_pkg.vhd 2014/07/11.09:36:27 P.20131013
PH work/ledBitStream_pkg 1405093834 \
      FL C:/Engineering/FPGA/VHDL/ledBitStream/ledBitStream_pkg.vhd \
      PB ieee/std_logic_1164 1381692176
PB work/ledBitStream_pkg 1405093835 \
      FL C:/Engineering/FPGA/VHDL/ledBitStream/ledBitStream_pkg.vhd \
      PH work/ledBitStream_pkg 1405093834
FL C:/Engineering/FPGA/VHDL/ledBitStream/LEDS.vhd 2014/07/11.11:49:51 P.20131013
EN work/ledBitStream 1405093836 FL C:/Engineering/FPGA/VHDL/ledBitStream/LEDS.vhd \
      PB ieee/std_logic_1164 1381692176 PB ieee/std_logic_arith 1381692177 \
      PB ieee/STD_LOGIC_UNSIGNED 1381692179 PB work/ledBitStream_pkg 1405093835
AR work/ledBitStream/Behavioral 1405093837 \
      FL C:/Engineering/FPGA/VHDL/ledBitStream/LEDS.vhd EN work/ledBitStream 1405093836
